// Jest Snapshot v1, https://goo.gl/fbAQLP

exports[`should render correctly 1`] = `
<DocumentFragment>
  <div
    class="css-1baulvz"
  >
    <button
      class="css-1ppt08m css-20g85r"
      tabindex="0"
      type="button"
    >
      Button1
    </button>
    <button
      class="css-1d4j08k css-20g85r"
      tabindex="0"
      type="button"
    >
      Button2
    </button>
  </div>
</DocumentFragment>
`;
