// Jest Snapshot v1, https://goo.gl/fbAQLP

exports[`should render correctly 1`] = `
<DocumentFragment>
  .emotion-0 {
  list-style-type: none;
  list-style-position: inside;
}

.emotion-1 {
  margin-bottom: var(--chakra-space-3);
}

.emotion-2 {
  -webkit-flex-shrink: 0;
  -ms-flex-negative: 0;
  flex-shrink: 0;
  -webkit-backface-visibility: hidden;
  backface-visibility: hidden;
}

.emotion-2:not(:root) {
  overflow: hidden;
}

.emotion-3 {
  width: 1em;
  height: 1em;
  display: inline-block;
  vertical-align: middle;
}

.emotion-4 {
  margin-right: var(--chakra-space-2);
  color: var(--chakra-colors-green-500);
}

<ul
    class="emotion-0"
    data-chakra-component="CList"
  >
    <li
      class="emotion-1"
      data-chakra-component="CListItem"
    >
      <svg
        class="emotion-2 emotion-3 emotion-4"
        data-chakra-component="CListIcon"
        role="presentation"
        viewBox="0 0 24 24"
      >
        
      
        <path
          d="M12,0A12,12,0,1,0,24,12,12.014,12.014,0,0,0,12,0Zm6.927,8.2-6.845,9.289a1.011,1.011,0,0,1-1.43.188L5.764,13.769a1,1,0,1,1,1.25-1.562l4.076,3.261,6.227-8.451A1,1,0,1,1,18.927,8.2Z"
          fill="currentColor"
        />
      </svg>
      Lorem ipsum dolor sit amet, consectetur adipisicing elit
      
    </li>
    <li
      class="emotion-5"
      data-chakra-component="CListItem"
    >
      <svg
        class="emotion-2 emotion-3 emotion-4"
        data-chakra-component="CListIcon"
        role="presentation"
        viewBox="0 0 24 24"
      >
        
      
        <path
          d="M12,0A12,12,0,1,0,24,12,12.014,12.014,0,0,0,12,0Zm6.927,8.2-6.845,9.289a1.011,1.011,0,0,1-1.43.188L5.764,13.769a1,1,0,1,1,1.25-1.562l4.076,3.261,6.227-8.451A1,1,0,1,1,18.927,8.2Z"
          fill="currentColor"
        />
      </svg>
      Assumenda, quia temporibus eveniet a libero incidunt suscipit
      
    </li>
  </ul>
</DocumentFragment>
`;
