// Jest Snapshot v1, https://goo.gl/fbAQLP

exports[`should render correctly 1`] = `
<DocumentFragment>
  <button
    aria-label="Close"
    class="css-1mh4jqf css-mzb2b3"
  >
    <svg
      aria-hidden="true"
      class="css-xmst1h css-y3asau"
      role="presentation"
      viewBox="0 0 24 24"
    >
      
    
      <g
        stroke="currentColor"
        strokewidth="1.5"
      >
        
      
        <path
          d="M9,9a3,3,0,1,1,4,2.829,1.5,1.5,0,0,0-1,1.415V14.25"
          fill="none"
          strokelinecap="full"
        />
        
      
        <path
          d="M12,17.25a.375.375,0,1,0,.375.375A.375.375,0,0,0,12,17.25h0"
          fill="none"
          strokelinecap="full"
        />
        
      
        <circle
          cx="12"
          cy="12"
          fill="none"
          r="11.25"
          strokemiterlimit="10"
        />
        
    
      </g>
      
    
    </svg>
  </button>
</DocumentFragment>
`;
