// Jest Snapshot v1, https://goo.gl/fbAQLP

exports[`should render correctly 1`] = `
<DocumentFragment>
  <div
    class="css-1mx1mwd"
    data-testid="progress"
  >
    <div
      aria-valuemax="100"
      aria-valuemin="0"
      aria-valuenow="40"
      class="css-1yrbyx1"
      role="progressbar"
    />
  </div>
</DocumentFragment>
`;
