// Jest Snapshot v1, https://goo.gl/fbAQLP

exports[`should display tag with custom element 1`] = `
<DocumentFragment>
  <div
    class="css-82qlwu"
  >
    <div
      class="css-0 css-1jxztok"
    >
      <div
        class="css-1x49bir"
      >
        <div
          aria-label="Mesut Koca"
          class="css-bbjn3h"
        >
          MK
        </div>
      </div>
       
      <div
        class="css-0"
      >
        Mesut
      </div>
    </div>
  </div>
</DocumentFragment>
`;

exports[`should display tag with right icon 1`] = `
<DocumentFragment>
  <div
    class="css-82qlwu"
  >
    <div
      class="css-0 css-1mwiunl"
    >
      <div
        class="css-0"
      >
        Green
      </div>
       
      <svg
        class="css-10whti9 css-y3asau css-9r03b"
        role="presentation"
        size="12px"
        viewBox="0 0 24 24"
      >
        
    
        <g
          stroke="currentColor"
          strokewidth="1.5"
        >
          
      
          <path
            d="M9,9a3,3,0,1,1,4,2.829,1.5,1.5,0,0,0-1,1.415V14.25"
            fill="none"
            strokelinecap="full"
          />
          
      
          <path
            d="M12,17.25a.375.375,0,1,0,.375.375A.375.375,0,0,0,12,17.25h0"
            fill="none"
            strokelinecap="full"
          />
          
      
          <circle
            cx="12"
            cy="12"
            fill="none"
            r="11.25"
            strokemiterlimit="10"
          />
          
    
        </g>
        
    
      </svg>
    </div>
  </div>
</DocumentFragment>
`;

exports[`should render correctly 1`] = `
<DocumentFragment>
  <div
    class="css-82qlwu"
  >
    <div
      class="css-0 css-1mwiunl"
    >
      <svg
        class="css-10whti9 css-y3asau css-9r03b"
        role="presentation"
        size="12px"
        viewBox="0 0 24 24"
      >
        
    
        <g
          stroke="currentColor"
          strokewidth="1.5"
        >
          
      
          <path
            d="M9,9a3,3,0,1,1,4,2.829,1.5,1.5,0,0,0-1,1.415V14.25"
            fill="none"
            strokelinecap="full"
          />
          
      
          <path
            d="M12,17.25a.375.375,0,1,0,.375.375A.375.375,0,0,0,12,17.25h0"
            fill="none"
            strokelinecap="full"
          />
          
      
          <circle
            cx="12"
            cy="12"
            fill="none"
            r="11.25"
            strokemiterlimit="10"
          />
          
    
        </g>
        
    
      </svg>
       
      <div
        class="css-0"
      >
        Green
      </div>
    </div>
  </div>
</DocumentFragment>
`;
