// Jest Snapshot v1, https://goo.gl/fbAQLP

exports[`CThemeProvider should inject global Css variables to root 1`] = `
"--chakra-ring-inset: var(--chakra-empty, );
 --chakra-ring-offset-width: 0px;
 --chakra-ring-offset-color: #fff;
 --chakra-ring-color: rgba(66, 153, 225, 0.6);
 --chakra-ring-offset-shadow: 0 0 #0000;
 --chakra-ring-shadow: 0 0 #0000;
 --chakra-space-x-reverse: 0;
 --chakra-space-y-reverse: 0;
 --chakra-colors-transparent: transparent;
 --chakra-colors-current: currentColor;
 --chakra-colors-black: #000;
 --chakra-colors-white: #fff;
 --chakra-colors-primary: #1a72ff;
 --chakra-colors-secondary: #7425f3;
 --chakra-colors-tertiary: #fe9e4d;
 --chakra-colors-success: #3ea76a;
 --chakra-colors-warning: #ffc61a;
 --chakra-colors-error: #dd3b4b;
 --chakra-colors-whiteAlpha-50: rgba(255, 255, 255, 0.04);
 --chakra-colors-whiteAlpha-100: rgba(255, 255, 255, 0.06);
 --chakra-colors-whiteAlpha-200: rgba(255, 255, 255, 0.08);
 --chakra-colors-whiteAlpha-300: rgba(255, 255, 255, 0.16);
 --chakra-colors-whiteAlpha-400: rgba(255, 255, 255, 0.24);
 --chakra-colors-whiteAlpha-500: rgba(255, 255, 255, 0.36);
 --chakra-colors-whiteAlpha-600: rgba(255, 255, 255, 0.48);
 --chakra-colors-whiteAlpha-700: rgba(255, 255, 255, 0.64);
 --chakra-colors-whiteAlpha-800: rgba(255, 255, 255, 0.80);
 --chakra-colors-whiteAlpha-900: rgba(255, 255, 255, 0.92);
 --chakra-colors-blackAlpha-50: rgba(0, 0, 0, 0.04);
 --chakra-colors-blackAlpha-100: rgba(0, 0, 0, 0.06);
 --chakra-colors-blackAlpha-200: rgba(0, 0, 0, 0.08);
 --chakra-colors-blackAlpha-300: rgba(0, 0, 0, 0.16);
 --chakra-colors-blackAlpha-400: rgba(0, 0, 0, 0.24);
 --chakra-colors-blackAlpha-500: rgba(0, 0, 0, 0.36);
 --chakra-colors-blackAlpha-600: rgba(0, 0, 0, 0.48);
 --chakra-colors-blackAlpha-700: rgba(0, 0, 0, 0.64);
 --chakra-colors-blackAlpha-800: rgba(0, 0, 0, 0.80);
 --chakra-colors-blackAlpha-900: rgba(0, 0, 0, 0.92);
 --chakra-colors-gray-50: #F7FAFC;
 --chakra-colors-gray-100: #EDF2F7;
 --chakra-colors-gray-200: #E2E8F0;
 --chakra-colors-gray-300: #CBD5E0;
 --chakra-colors-gray-400: #A0AEC0;
 --chakra-colors-gray-500: #718096;
 --chakra-colors-gray-600: #4A5568;
 --chakra-colors-gray-700: #2D3748;
 --chakra-colors-gray-800: #1A202C;
 --chakra-colors-gray-900: #171923;
 --chakra-colors-cyan-50: #EDFDFD;
 --chakra-colors-cyan-100: #C4F1F9;
 --chakra-colors-cyan-200: #9DECF9;
 --chakra-colors-cyan-300: #76E4F7;
 --chakra-colors-cyan-400: #0BC5EA;
 --chakra-colors-cyan-500: #00B5D8;
 --chakra-colors-cyan-600: #00A3C4;
 --chakra-colors-cyan-700: #0987A0;
 --chakra-colors-cyan-800: #086F83;
 --chakra-colors-cyan-900: #065666;
 --chakra-colors-vue-50: #e1fbf0;
 --chakra-colors-vue-100: #c0ecda;
 --chakra-colors-vue-200: #9edfc2;
 --chakra-colors-vue-300: #79d0aa;
 --chakra-colors-vue-400: #55c392;
 --chakra-colors-vue-500: #3caa79;
 --chakra-colors-vue-600: #2d845e;
 --chakra-colors-vue-700: #1d5e42;
 --chakra-colors-vue-800: #0c3a26;
 --chakra-colors-vue-900: #001508;
 --chakra-colors-green-50: #e2fbed;
 --chakra-colors-green-100: #c2ebd4;
 --chakra-colors-green-200: #9fddb9;
 --chakra-colors-green-300: #7ccf9e;
 --chakra-colors-green-400: #58c184;
 --chakra-colors-green-500: #3ea76a;
 --chakra-colors-green-600: #2e8251;
 --chakra-colors-green-700: #1f5d3a;
 --chakra-colors-green-800: #0f3921;
 --chakra-colors-green-900: #001506;
 --chakra-colors-orange-50: #ffefdc;
 --chakra-colors-orange-100: #ffd4ae;
 --chakra-colors-orange-200: #ffba7f;
 --chakra-colors-orange-300: #fe9e4d;
 --chakra-colors-orange-400: #fd821b;
 --chakra-colors-orange-500: #e46902;
 --chakra-colors-orange-600: #b25100;
 --chakra-colors-orange-700: #7f3900;
 --chakra-colors-orange-800: #4e2200;
 --chakra-colors-orange-900: #1f0900;
 --chakra-colors-red-50: #ffe5e9;
 --chakra-colors-red-100: #f9bcc2;
 --chakra-colors-red-200: #ee919a;
 --chakra-colors-red-300: #e66673;
 --chakra-colors-red-400: #dd3b4b;
 --chakra-colors-red-500: #c42231;
 --chakra-colors-red-600: #991826;
 --chakra-colors-red-700: #6e101a;
 --chakra-colors-red-800: #44070e;
 --chakra-colors-red-900: #1e0001;
 --chakra-colors-yellow-50: #fff9da;
 --chakra-colors-yellow-100: #ffecad;
 --chakra-colors-yellow-200: #ffdf7d;
 --chakra-colors-yellow-300: #ffd24b;
 --chakra-colors-yellow-400: #ffc61a;
 --chakra-colors-yellow-500: #e6ac00;
 --chakra-colors-yellow-600: #b38600;
 --chakra-colors-yellow-700: #806000;
 --chakra-colors-yellow-800: #4e3900;
 --chakra-colors-yellow-900: #1d1300;
 --chakra-colors-indigo-50: #f2e5ff;
 --chakra-colors-indigo-100: #d2b5ff;
 --chakra-colors-indigo-200: #b285fa;
 --chakra-colors-indigo-300: #9356f7;
 --chakra-colors-indigo-400: #7425f3;
 --chakra-colors-indigo-500: #5a0cda;
 --chakra-colors-indigo-600: #4608aa;
 --chakra-colors-indigo-700: #32057b;
 --chakra-colors-indigo-800: #1e024c;
 --chakra-colors-indigo-900: #0c001e;
 --chakra-colors-pink-50: #fff5f7;
 --chakra-colors-pink-100: #fed7e2;
 --chakra-colors-pink-200: #fbb6ce;
 --chakra-colors-pink-300: #f687b3;
 --chakra-colors-pink-400: #ed64a6;
 --chakra-colors-pink-500: #d53f8c;
 --chakra-colors-pink-600: #b83280;
 --chakra-colors-pink-700: #97266d;
 --chakra-colors-pink-800: #702459;
 --chakra-colors-pink-900: #521B41;
 --chakra-colors-blue-50: #def0ff;
 --chakra-colors-blue-100: #afd0ff;
 --chakra-colors-blue-200: #7db1ff;
 --chakra-colors-blue-300: #4b91ff;
 --chakra-colors-blue-400: #1a72ff;
 --chakra-colors-blue-500: #0058e6;
 --chakra-colors-blue-600: #0045b4;
 --chakra-colors-blue-700: #003182;
 --chakra-colors-blue-800: #001d51;
 --chakra-colors-blue-900: #000a21;
 --chakra-borders-none: 0;
 --chakra-borders-1px: 1px solid;
 --chakra-borders-2px: 2px solid;
 --chakra-borders-4px: 4px solid;
 --chakra-borderWidths-sm: 1px;
 --chakra-borderWidths-md: 2px;
 --chakra-borderWidths-lg: 4px;
 --chakra-fonts-heading: -apple-system,BlinkMacSystemFont,\\"Segoe UI\\",Helvetica,Arial,sans-serif,\\"Apple Color Emoji\\",\\"Segoe UI Emoji\\",\\"Segoe UI Symbol\\";
 --chakra-fonts-body: -apple-system,BlinkMacSystemFont,\\"Segoe UI\\",Helvetica,Arial,sans-serif,\\"Apple Color Emoji\\",\\"Segoe UI Emoji\\",\\"Segoe UI Symbol\\";
 --chakra-fonts-mono: SFMono-Regular,Menlo,Monaco,Consolas,\\"Liberation Mono\\",\\"Courier New\\",monospace;
 --chakra-fontSizes-xs: 0.75rem;
 --chakra-fontSizes-sm: 0.875rem;
 --chakra-fontSizes-md: 1rem;
 --chakra-fontSizes-lg: 1.125rem;
 --chakra-fontSizes-xl: 1.25rem;
 --chakra-fontSizes-2xl: 1.5rem;
 --chakra-fontSizes-3xl: 1.875rem;
 --chakra-fontSizes-4xl: 2.25rem;
 --chakra-fontSizes-5xl: 3rem;
 --chakra-fontSizes-6xl: 4rem;
 --chakra-fontWeights-hairline: 100;
 --chakra-fontWeights-thin: 200;
 --chakra-fontWeights-light: 300;
 --chakra-fontWeights-normal: 400;
 --chakra-fontWeights-medium: 500;
 --chakra-fontWeights-semibold: 600;
 --chakra-fontWeights-bold: 700;
 --chakra-fontWeights-extrabold: 800;
 --chakra-fontWeights-black: 900;
 --chakra-letterSpacings-tighter: -0.05em;
 --chakra-letterSpacings-tight: -0.025em;
 --chakra-letterSpacings-normal: 0;
 --chakra-letterSpacings-wide: 0.025em;
 --chakra-letterSpacings-wider: 0.05em;
 --chakra-letterSpacings-widest: 0.1em;
 --chakra-lineHeights-normal: normal;
 --chakra-lineHeights-none: 1;
 --chakra-lineHeights-shorter: 1.25;
 --chakra-lineHeights-short: 1.375;
 --chakra-lineHeights-base: 1.5;
 --chakra-lineHeights-tall: 1.625;
 --chakra-lineHeights-taller: 2;
 --chakra-radii-none: 0;
 --chakra-radii-sm: 0.125rem;
 --chakra-radii-md: 0.25rem;
 --chakra-radii-lg: 0.5rem;
 --chakra-radii-full: 9999px;
 --chakra-space-0: 0;
 --chakra-space-1: 0.25rem;
 --chakra-space-2: 0.5rem;
 --chakra-space-3: 0.75rem;
 --chakra-space-4: 1rem;
 --chakra-space-5: 1.25rem;
 --chakra-space-6: 1.5rem;
 --chakra-space-8: 2rem;
 --chakra-space-10: 2.5rem;
 --chakra-space-12: 3rem;
 --chakra-space-16: 4rem;
 --chakra-space-20: 5rem;
 --chakra-space-24: 6rem;
 --chakra-space-32: 8rem;
 --chakra-space-40: 10rem;
 --chakra-space-48: 12rem;
 --chakra-space-56: 14rem;
 --chakra-space-64: 16rem;
 --chakra-space-px: 1px;
 --chakra-shadows-sm: 0 1px 3px 0 rgba(0, 0, 0, 0.1),0 1px 2px 0 rgba(0, 0, 0, 0.06);
 --chakra-shadows-md: 0 4px 6px -1px rgba(0, 0, 0, 0.1),0 2px 4px -1px rgba(0, 0, 0, 0.06);
 --chakra-shadows-lg: 0 10px 15px -3px rgba(0, 0, 0, 0.1),0 4px 6px -2px rgba(0, 0, 0, 0.05);
 --chakra-shadows-xl: 0 20px 25px -5px rgba(0, 0, 0, 0.1),0 10px 10px -5px rgba(0, 0, 0, 0.04);
 --chakra-shadows-2xl: 0 25px 50px -12px rgba(0, 0, 0, 0.25);
 --chakra-shadows-outline: 0 0 0 3px rgba(66, 153, 225, 0.6);
 --chakra-shadows-inner: inset 0 2px 4px 0 rgba( 0, 0, 0, 0.06);
 --chakra-shadows-none: none;
 --chakra-sizes-0: 0;
 --chakra-sizes-1: 0.25rem;
 --chakra-sizes-2: 0.5rem;
 --chakra-sizes-3: 0.75rem;
 --chakra-sizes-4: 1rem;
 --chakra-sizes-5: 1.25rem;
 --chakra-sizes-6: 1.5rem;
 --chakra-sizes-8: 2rem;
 --chakra-sizes-10: 2.5rem;
 --chakra-sizes-12: 3rem;
 --chakra-sizes-16: 4rem;
 --chakra-sizes-20: 5rem;
 --chakra-sizes-24: 6rem;
 --chakra-sizes-32: 8rem;
 --chakra-sizes-40: 10rem;
 --chakra-sizes-48: 12rem;
 --chakra-sizes-56: 14rem;
 --chakra-sizes-64: 16rem;
 --chakra-sizes-px: 1px;
 --chakra-sizes-full: 100%;
 --chakra-sizes-3xs: 14rem;
 --chakra-sizes-2xs: 16rem;
 --chakra-sizes-xs: 20rem;
 --chakra-sizes-sm: 24rem;
 --chakra-sizes-md: 28rem;
 --chakra-sizes-lg: 32rem;
 --chakra-sizes-xl: 36rem;
 --chakra-sizes-2xl: 42rem;
 --chakra-sizes-3xl: 48rem;
 --chakra-sizes-4xl: 56rem;
 --chakra-sizes-5xl: 64rem;
 --chakra-sizes-6xl: 72rem;
 --chakra-sizes-containers-sm: 640px;
 --chakra-sizes-containers-md: 768px;
 --chakra-sizes-containers-lg: 1024px;
 --chakra-sizes-containers-xl: 1280px;
 --chakra-zIndices-hide: -1;
 --chakra-zIndices-auto: auto;
 --chakra-zIndices-base: 0;
 --chakra-zIndices-docked: 10;
 --chakra-zIndices-dropdown: 1000;
 --chakra-zIndices-sticky: 1100;
 --chakra-zIndices-banner: 1200;
 --chakra-zIndices-overlay: 1300;
 --chakra-zIndices-modal: 1400;
 --chakra-zIndices-popover: 1500;
 --chakra-zIndices-skipLink: 1600;
 --chakra-zIndices-toast: 1700;
 --chakra-zIndices-tooltip: 1800;
"
`;
