// Jest Snapshot v1, https://goo.gl/fbAQLP

exports[`should render correctly 1`] = `
<DocumentFragment>
  <div
    class="css-0"
    data-accordion=""
  >
    <div
      class="css-0 css-1b3isn8"
      data-accordion-item=""
    >
      <button
        aria-controls="accordion-panel-ac-1"
        aria-expanded="true"
        class="css-0 css-12lgae2"
        id="accordion-header-ac-1"
        type="button"
      >
        Section 1 title
        <svg
          class="css-1yguofd css-y3asau"
          role="presentation"
          viewBox="0 0 24 24"
        >
          
    
          <g
            stroke="currentColor"
            strokewidth="1.5"
          >
            
      
            <path
              d="M9,9a3,3,0,1,1,4,2.829,1.5,1.5,0,0,0-1,1.415V14.25"
              fill="none"
              strokelinecap="full"
            />
            
      
            <path
              d="M12,17.25a.375.375,0,1,0,.375.375A.375.375,0,0,0,12,17.25h0"
              fill="none"
              strokelinecap="full"
            />
            
      
            <circle
              cx="12"
              cy="12"
              fill="none"
              r="11.25"
              strokemiterlimit="10"
            />
            
    
          </g>
          
    
        </svg>
      </button>
       
      <div
        aria-labelledby="accordion-header-ac-1"
        class="css-i6bazn"
        data-accordion-panel=""
        id="accordion-panel-ac-1"
        role="region"
        style="visibility: hidden; height: 0px;"
      >
        <div
          class="css-i6bazn"
        >
          Section 1 text
        </div>
      </div>
    </div>
  </div>
</DocumentFragment>
`;
