// Jest Snapshot v1, https://goo.gl/fbAQLP

exports[`should render correctly 1`] = `
<DocumentFragment>
  .emotion-0 {
  display: -webkit-box;
  display: -webkit-flex;
  display: -ms-flexbox;
  display: flex;
  position: relative;
  z-index: 0;
}

.emotion-1 {
  color: var(--chakra-colors-gray-300);
  font-size: var(--chakra-fontSizes-md);
  display: -webkit-box;
  display: -webkit-flex;
  display: -ms-flexbox;
  display: flex;
  -webkit-align-items: center;
  -webkit-box-align: center;
  -ms-flex-align: center;
  align-items: center;
  -webkit-box-pack: center;
  -ms-flex-pack: center;
  -webkit-justify-content: center;
  justify-content: center;
  position: absolute;
  width: var(--chakra-sizes-10);
  height: var(--chakra-sizes-10);
  top: var(--chakra-space-0);
  z-index: 2;
  left: var(--chakra-space-0);
}

.emotion-2 {
  width: 100%;
  display: -webkit-box;
  display: -webkit-flex;
  display: -ms-flexbox;
  display: flex;
  -webkit-align-items: center;
  -webkit-box-align: center;
  -ms-flex-align: center;
  align-items: center;
  position: relative;
  -webkit-transition: all 0.2s;
  transition: all 0.2s;
  outline: 2px solid transparent;
  outline-offset: 2px;
  -webkit-appearance: none;
  -moz-appearance: none;
  -ms-appearance: none;
  appearance: none;
  font-size: var(--chakra-fontSizes-md);
  -webkit-padding-start: var(--chakra-space-4);
  padding-inline-start: var(--chakra-space-4);
  -webkit-padding-end: var(--chakra-space-4);
  padding-inline-end: var(--chakra-space-4);
  height: var(--chakra-sizes-10);
  line-height: 2.5rem;
  border-radius: var(--chakra-radii-md);
  border-width: 1px;
  border-color: inherit;
  background: var(--chakra-colors-white);
  font-family: var(--chakra-fonts-body);
  padding-left: 2.5rem;
}

.emotion-2[aria-readonly=true],
.emotion-2[readonly],
.emotion-2[data-readonly] {
  background: var(--chakra-colors-transparent);
  box-shadow: none!important;
  -webkit-user-select: all;
  -moz-user-select: all;
  -ms-user-select: all;
  user-select: all;
}

.emotion-2:hover,
.emotion-2[data-hover] {
  border-color: var(--chakra-colors-gray-300);
}

.emotion-2[disabled],
.emotion-2[aria-disabled=true],
.emotion-2[data-disabled] {
  opacity: 0.4;
  cursor: not-allowed;
}

.emotion-2:focus,
.emotion-2[data-focus] {
  z-index: 1;
  border-color: #7db1ff;
  box-shadow: 0 0 0 1px #7db1ff;
}

.emotion-2[aria-invalid=true],
.emotion-2[data-invalid] {
  border-color: #e66673;
  box-shadow: 0 0 0 1px #e66673;
}

.emotion-3 {
  display: -webkit-box;
  display: -webkit-flex;
  display: -ms-flexbox;
  display: flex;
  -webkit-align-items: center;
  -webkit-box-align: center;
  -ms-flex-align: center;
  align-items: center;
  -webkit-box-pack: center;
  -ms-flex-pack: center;
  -webkit-justify-content: center;
  justify-content: center;
  position: absolute;
  width: var(--chakra-sizes-10);
  height: var(--chakra-sizes-10);
  font-size: var(--chakra-fontSizes-md);
  top: var(--chakra-space-0);
  z-index: 2;
  right: var(--chakra-space-0);
}

.emotion-4 {
  -webkit-flex-shrink: 0;
  -ms-flex-negative: 0;
  flex-shrink: 0;
  -webkit-backface-visibility: hidden;
  backface-visibility: hidden;
}

.emotion-4:not(:root) {
  overflow: hidden;
}

.emotion-5 {
  width: 1em;
  height: 1em;
  display: inline-block;
  vertical-align: middle;
}

.emotion-6 {
  color: var(--chakra-colors-green-500);
}

<div
    class="emotion-0"
    data-chakra-component="CInputGroup"
  >
    <div
      class="emotion-1"
      color="gray.300"
      data-chakra-component="CInputLeftElement"
      fontsize="1.2em"
    >
      Â¥
    </div>
    <input
      class="emotion-2"
      data-chakra-component="CInput"
      placeholder="Enter amount"
    />
    <div
      class="emotion-3"
      data-chakra-component="CInputRightElement"
    >
      <svg
        class="emotion-4 emotion-5 emotion-6"
        data-chakra-component="CIcon"
        role="presentation"
        viewBox="0 0 14 14"
      >
        
      
        <g
          fill="currentColor"
        >
          
        
          <polygon
            points="5.5 11.9993304 14 3.49933039 12.5 2 5.5 8.99933039 1.5 4.9968652 0 6.49933039"
          />
          
      
        </g>
        
    
      </svg>
    </div>
  </div>
</DocumentFragment>
`;
