// Jest Snapshot v1, https://goo.gl/fbAQLP

exports[`colorModeObserver \`colorModeObserver\` should provide and observe values 1`] = `
Object {
  "baseStyles": Object {
    "CButton": Object {
      "bg": "success",
      "borderRadius": "200px",
      "shadow": "inner",
    },
  },
  "colors": Object {
    "info": "#0000FF",
  },
  "shadows": Object {
    "inner": "inset 0 2px 4px 0 rgba( 0, 0, 0, 0.06)",
    "outline": "0 0 0 3px rgba(66, 153, 225, 0.6)",
  },
}
`;
