// Jest Snapshot v1, https://goo.gl/fbAQLP

exports[`should render correctly 1`] = `
<DocumentFragment>
  .emotion-0 {
  position: relative;
  max-width: 400px;
}

.emotion-0::before {
  height: 0px;
  content: "";
  display: block;
  padding-bottom: 100%;
}

.emotion-1 {
  position: absolute;
  width: var(--chakra-sizes-full);
  height: var(--chakra-sizes-full);
  top: var(--chakra-space-0);
  left: var(--chakra-space-0);
}

.emotion-2 {
  object-fit: cover;
  height: 100%;
  width: 100%;
}

<div
    class="emotion-0"
    data-chakra-component="CAspectRatioBox"
    data-testid="aspectRatioBox"
  >
    <div
      class="emotion-1"
      data-chakra-component="CBox"
      data-testid="child"
    >
      <img
        alt="naruto"
        class="emotion-2"
        data-chakra-component="CBox"
        data-testid="image"
        src="https://bit.ly/naruto-sage"
      />
    </div>
  </div>
</DocumentFragment>
`;
