// Jest Snapshot v1, https://goo.gl/fbAQLP

exports[`CReset.vue should render correctly 1`] = `
<DocumentFragment>
  <!---->
</DocumentFragment>
`;
