// Jest Snapshot v1, https://goo.gl/fbAQLP

exports[`should render correctly 1`] = `
<DocumentFragment>
  <div>
    <div>
      <!---->
    </div>
  </div>
  <span
    id="modal-portal-1"
  >
    <div
      class="css-0 css-79elbk"
    >
      <div
        style="position: fixed; top: 0px; right: 0px; bottom: 0px; left: 0px;"
      >
        <div
          class="css-l5w8ps"
        />
        <div
          class="css-aibg9d"
          data-testid="overlay"
          role="alertdialog"
        >
          <section
            aria-modal="true"
            class="css-i76yoi"
            id="alert-dialog-1"
            role="dialog"
            tabindex="-1"
          >
            <div
              class="css-kniazf"
              id="alert-dialog-1-label"
            >
              Dialog Header
            </div>
             
            <div
              class="css-5m10fw"
              id="alert-dialog-1-desc"
            >
              
            Are you sure?
              
              <input
                data-testid="inputInsideDrawer"
                placeholder="Type here..."
              />
            </div>
             
            <footer
              class="css-plnu2w"
            >
              <button
                class="css-0 css-rup5mm"
                data-testid="close-btn"
                tabindex="0"
                type="button"
              >
                Cancel
              </button>
               
              <button
                class="css-0 css-mbmse4"
                tabindex="0"
                type="button"
              >
                Delete
              </button>
            </footer>
          </section>
        </div>
      </div>
    </div>
  </span>
</DocumentFragment>
`;
