// Jest Snapshot v1, https://goo.gl/fbAQLP

exports[`should render correctly 1`] = `
<DocumentFragment>
  <div
    class="css-70qvj9"
  >
    <div
      class="css-1uqn9kh"
    >
      <div
        aria-label="Mesut Koca"
        class="css-1e8yzjf"
      >
        MK
      </div>
    </div>
    <div
      class="css-1pygu1"
    >
      <div
        aria-label="Evan You"
        class="css-1e8yzjf"
      >
        EY
      </div>
    </div>
    <div
      class="css-k46x4f"
    >
      +1
    </div>
  </div>
</DocumentFragment>
`;
