// Jest Snapshot v1, https://goo.gl/fbAQLP

exports[`should render correctly 1`] = `
<DocumentFragment>
  <div>
    <div>
      <!---->
    </div>
  </div>
  .emotion-0 {
  position: fixed;
  background: rgba( 0, 0, 0, 0.4);
  left: var(--chakra-space-0);
  top: var(--chakra-space-0);
  width: 100vw;
  height: 100vh;
  z-index: var(--chakra-zIndices-overlay);
}

.emotion-1 {
  overflow-y: auto;
  overflow-x: hidden;
  position: fixed;
  left: var(--chakra-space-0);
  top: var(--chakra-space-0);
  width: 100%;
  height: 100%;
  z-index: var(--chakra-zIndices-modal);
}

.emotion-2 {
  outline: 2px solid transparent;
  outline-offset: 2px;
  max-width: var(--chakra-sizes-md);
  width: 100%;
  position: relative;
  display: -webkit-box;
  display: -webkit-flex;
  display: -ms-flexbox;
  display: flex;
  -webkit-flex-direction: column;
  -ms-flex-direction: column;
  flex-direction: column;
  z-index: var(--chakra-zIndices-modal);
  font-family: var(--chakra-fonts-body);
  background: var(--chakra-colors-white);
  box-shadow: 0 7px 14px 0 rgba(0, 0, 0, 0.1),0 3px 6px 0 rgba(0, 0, 0, .07);
  top: var(--chakra-space-0);
  -webkit-margin-start: auto;
  margin-inline-start: auto;
  -webkit-margin-end: auto;
  margin-inline-end: auto;
  margin-top: 3.75rem;
  margin-bottom: 3.75rem;
}

.emotion-3 {
  -webkit-padding-start: var(--chakra-space-6);
  padding-inline-start: var(--chakra-space-6);
  -webkit-padding-end: var(--chakra-space-6);
  padding-inline-end: var(--chakra-space-6);
  padding-top: var(--chakra-space-4);
  padding-bottom: var(--chakra-space-4);
  position: relative;
  font-size: var(--chakra-fontSizes-xl);
  font-weight: var(--chakra-fontWeights-semibold);
}

.emotion-4 {
  -webkit-padding-start: var(--chakra-space-6);
  padding-inline-start: var(--chakra-space-6);
  -webkit-padding-end: var(--chakra-space-6);
  padding-inline-end: var(--chakra-space-6);
  padding-top: var(--chakra-space-2);
  padding-bottom: var(--chakra-space-2);
  -webkit-flex: 1;
  -ms-flex: 1;
  flex: 1;
}

.emotion-5 {
  display: -webkit-box;
  display: -webkit-flex;
  display: -ms-flexbox;
  display: flex;
  -webkit-padding-start: var(--chakra-space-6);
  padding-inline-start: var(--chakra-space-6);
  -webkit-padding-end: var(--chakra-space-6);
  padding-inline-end: var(--chakra-space-6);
  padding-top: var(--chakra-space-4);
  padding-bottom: var(--chakra-space-4);
  -webkit-box-pack: end;
  -ms-flex-pack: end;
  -webkit-justify-content: flex-end;
  justify-content: flex-end;
}

.emotion-6 {
  display: -webkit-inline-box;
  display: -webkit-inline-flex;
  display: -ms-inline-flexbox;
  display: inline-flex;
  -webkit-appearance: none;
  -moz-appearance: none;
  -ms-appearance: none;
  appearance: none;
  -webkit-align-items: center;
  -webkit-box-align: center;
  -ms-flex-align: center;
  align-items: center;
  -webkit-box-pack: center;
  -ms-flex-pack: center;
  -webkit-justify-content: center;
  justify-content: center;
  -webkit-transition: all 250ms;
  transition: all 250ms;
  -webkit-user-select: none;
  -moz-user-select: none;
  -ms-user-select: none;
  user-select: none;
  position: relative;
  white-space: nowrap;
  vertical-align: middle;
  line-height: 1.2;
  outline: 2px solid transparent;
  outline-offset: 2px;
  font-weight: var(--chakra-fontWeights-bold);
  border-radius: var(--chakra-radii-md);
  height: var(--chakra-sizes-10);
  min-width: var(--chakra-sizes-10);
  font-size: var(--chakra-fontSizes-md);
  -webkit-padding-start: var(--chakra-space-4);
  padding-inline-start: var(--chakra-space-4);
  -webkit-padding-end: var(--chakra-space-4);
  padding-inline-end: var(--chakra-space-4);
  background: var(--chakra-colors-gray-100);
}

.emotion-6:focus,
.emotion-6[data-focus] {
  outline: 2px solid transparent;
  outline-offset: 2px;
  box-shadow: var(--chakra-shadows-outline);
}

.emotion-6:hover,
.emotion-6[data-hover] {
  background: var(--chakra-colors-gray-200);
}

.emotion-6:active,
.emotion-6[data-active] {
  background: var(--chakra-colors-gray-300);
}

.emotion-6[disabled],
.emotion-6[aria-disabled=true],
.emotion-6[data-disabled] {
  opacity: 0.4;
  cursor: not-allowed;
  box-shadow: var(--chakra-shadows-none);
}

.emotion-7 {
  display: -webkit-inline-box;
  display: -webkit-inline-flex;
  display: -ms-inline-flexbox;
  display: inline-flex;
  -webkit-appearance: none;
  -moz-appearance: none;
  -ms-appearance: none;
  appearance: none;
  -webkit-align-items: center;
  -webkit-box-align: center;
  -ms-flex-align: center;
  align-items: center;
  -webkit-box-pack: center;
  -ms-flex-pack: center;
  -webkit-justify-content: center;
  justify-content: center;
  -webkit-transition: all 250ms;
  transition: all 250ms;
  -webkit-user-select: none;
  -moz-user-select: none;
  -ms-user-select: none;
  user-select: none;
  position: relative;
  white-space: nowrap;
  vertical-align: middle;
  line-height: 1.2;
  outline: 2px solid transparent;
  outline-offset: 2px;
  font-weight: var(--chakra-fontWeights-bold);
  border-radius: var(--chakra-radii-md);
  height: var(--chakra-sizes-10);
  min-width: var(--chakra-sizes-10);
  font-size: var(--chakra-fontSizes-md);
  -webkit-padding-start: var(--chakra-space-4);
  padding-inline-start: var(--chakra-space-4);
  -webkit-padding-end: var(--chakra-space-4);
  padding-inline-end: var(--chakra-space-4);
  background: var(--chakra-colors-red-400);
  color: var(--chakra-colors-white);
  margin-left: var(--chakra-space-3);
}

.emotion-7:focus,
.emotion-7[data-focus] {
  outline: 2px solid transparent;
  outline-offset: 2px;
  box-shadow: var(--chakra-shadows-outline);
}

.emotion-7:hover,
.emotion-7[data-hover] {
  background: var(--chakra-colors-red-500);
}

.emotion-7:active,
.emotion-7[data-active] {
  background: var(--chakra-colors-red-600);
}

.emotion-7[disabled],
.emotion-7[aria-disabled=true],
.emotion-7[data-disabled] {
  opacity: 0.4;
  cursor: not-allowed;
  box-shadow: var(--chakra-shadows-none);
}

<span
    id="modal-portal-1"
  >
    <div
      style="position: relative;"
    >
      <div
        style="position: fixed; top: 0px; right: 0px; bottom: 0px; left: 0px;"
      >
        <div
          class="emotion-0"
          data-chakra-component="CModalOverlay"
        />
        <div
          class="emotion-1"
          data-chakra-component="CBox"
        >
          <section
            aria-describedby="alert-dialog-1-desc"
            aria-labelledby="alert-dialog-1-label"
            aria-modal="true"
            class="emotion-2"
            data-chakra-component="CAlertDialogContent"
            data-testid="overlay"
            id="alert-dialog-1"
            role="alertdialog"
            tabindex="-1"
          >
            <header
              class="emotion-3"
              data-chakra-component="CModalHeader"
              id="alert-dialog-1-label"
            >
              Dialog Header
            </header>
             
            <div
              class="emotion-4"
              data-chakra-component="CModalBody"
              id="alert-dialog-1-desc"
            >
              
            Are you sure?
              
              <input
                data-testid="inputInsideDrawer"
                placeholder="Type here..."
              />
            </div>
             
            <footer
              class="emotion-5"
              data-chakra-component="CModalFooter"
            >
              <button
                class="emotion-6"
                data-chakra-component="CButton"
                data-testid="close-btn"
                tabindex="0"
                type="button"
              >
                Cancel
              </button>
               
              <button
                class="emotion-7"
                data-chakra-component="CButton"
                tabindex="0"
                type="button"
              >
                Delete
              </button>
            </footer>
          </section>
        </div>
      </div>
    </div>
  </span>
</DocumentFragment>
`;
