// Jest Snapshot v1, https://goo.gl/fbAQLP

exports[`should render correctly 1`] = `
<DocumentFragment>
  <div
    class="css-80aj1h"
  >
    <div
      class="css-152ubph"
    >
      <div
        aria-label="Mesut Koca"
        class="css-1e8yzjf"
      >
        MK
      </div>
    </div>
    <div
      class="css-jq8oqj"
    >
      <div
        aria-label="Evan You"
        class="css-1e8yzjf"
      >
        EY
      </div>
    </div>
    <div
      class="css-3dare1"
    >
      +1
    </div>
  </div>
</DocumentFragment>
`;
