// Jest Snapshot v1, https://goo.gl/fbAQLP

exports[`should render correctly 1`] = `
<DocumentFragment>
  <div
    class="css-i6bazn"
  >
    <div
      class="css-i6bazn"
    >
      content
    </div>
  </div>
</DocumentFragment>
`;
