// Jest Snapshot v1, https://goo.gl/fbAQLP

exports[`should render correctly 1`] = `
<DocumentFragment>
  <div
    class="css-96ute0"
  >
    500
  </div>
</DocumentFragment>
`;
