// Jest Snapshot v1, https://goo.gl/fbAQLP

exports[`should render correctly 1`] = `
<DocumentFragment>
  .emotion-0 {
  position: relative;
  height: 0.5rem;
  overflow: hidden;
  width: 100%;
  background: var(--chakra-colors-gray-100);
  border-radius: var(--chakra-radii-sm);
}

.emotion-1 {
  height: 100%;
  -webkit-transition: all 0.3s;
  transition: all 0.3s;
  width: 40%;
  background-color: var(--chakra-colors-green-500);
  border-radius: var(--chakra-radii-sm);
}

<div
    class="emotion-0"
    data-chakra-component="CProgress"
    data-testid="progress"
  >
    <div
      aria-valuemax="100"
      aria-valuemin="0"
      aria-valuenow="40"
      class="emotion-1"
      data-chakra-component="CProgressIndicator"
      role="progressbar"
    />
  </div>
</DocumentFragment>
`;
