// Jest Snapshot v1, https://goo.gl/fbAQLP

exports[`should render correctly 1`] = `
<DocumentFragment>
  .emotion-0 {
  display: -webkit-box;
  display: -webkit-flex;
  display: -ms-flexbox;
  display: flex;
  border-color: var(--chakra-colors-gray-200);
  -webkit-align-items: center;
  -webkit-box-align: center;
  -ms-flex-align: center;
  align-items: center;
  cursor: pointer;
}

.emotion-1 {
  border: 0px;
  clip: rect(0px, 0px, 0px, 0px);
  height: 1px;
  width: 1px;
  margin: -1px;
  padding: 0px;
  overflow: hidden;
  white-space: nowrap;
  position: absolute;
}

.emotion-2 {
  display: -webkit-inline-box;
  display: -webkit-inline-flex;
  display: -ms-inline-flexbox;
  display: inline-flex;
  -webkit-align-items: center;
  -webkit-box-align: center;
  -ms-flex-align: center;
  align-items: center;
  -webkit-box-pack: center;
  -ms-flex-pack: center;
  -webkit-justify-content: center;
  justify-content: center;
  -webkit-transition: all 120ms;
  transition: all 120ms;
  -webkit-flex-shrink: 0;
  -ms-flex-negative: 0;
  flex-shrink: 0;
  width: 24px;
  height: 24px;
  border: var(--chakra-borders-2px);
  background: var(--chakra-colors-white);
  border-radius: var(--chakra-radii-full);
  border-color: inherit;
}

.emotion-2[aria-checked=true],
.emotion-2[data-checked] {
  background: var(--chakra-colors-green-500);
  border-color: var(--chakra-colors-green-500);
}

.emotion-2:hover,
.emotion-2[data-hover] {
  border-color: var(--chakra-colors-gray-300);
}

.emotion-2:focus,
.emotion-2[data-focus] {
  box-shadow: var(--chakra-shadows-outline);
}

.emotion-2[disabled],
.emotion-2[aria-disabled=true],
.emotion-2[data-disabled] {
  opacity: 0.4;
}

input[type=checkbox]:focus+.emotion-3 {
  box-shadow: var(--chakra-shadows-outline);
}

input[type=checkbox]:hover:not(:disabled):not(:checked)+.emotion-3 {
  border-color: var(--chakra-colors-gray-300);
}

input[type=checkbox]:disabled+.emotion-3 {
  opacity: 0.4;
}

.emotion-3>* {
  opacity: 0;
}

input[type=checkbox]:checked+.emotion-3,
input[type=checkbox][aria-checked=mixed]+.emotion-3 {
  background: var(--chakra-colors-green-500);
  border-color: var(--chakra-colors-green-500);
}

input[type=checkbox]:checked+.emotion-3>*,
input[type=checkbox][aria-checked=mixed]+.emotion-3>* {
  opacity: 1;
}

.emotion-4 {
  width: 50%;
  height: 50%;
  background: var(--chakra-colors-white);
  border-radius: var(--chakra-radii-full);
}

<label
    class="emotion-0"
    data-chakra-component="CBox"
    for="control-radio"
  >
    <input
      class="emotion-1"
      data-chakra-component="CVisuallyHidden"
      data-testid="hiddenControl"
      id="control-radio"
      type="radio"
    />
     
    <div
      aria-hidden="true"
      class="emotion-2 emotion-3"
      data-chakra-component="CControlBox"
      data-testid="control"
    >
      <div
        class="emotion-4"
        data-chakra-component="CBox"
      />
    </div>
  </label>
</DocumentFragment>
`;
