// Jest Snapshot v1, https://goo.gl/fbAQLP

exports[`should render correctly 1`] = `
<DocumentFragment>
  <div>
    <div>
      <input
        class="css-0 css-1l17jza"
        data-chakra-component="CInput"
        data-testid="inputOutsideDrawer"
        placeholder="Type here..."
      />
       
      <button
        class="css-0 css-rup5mm"
        data-chakra-component="CButton"
        data-testid="buttonOutside"
        tabindex="0"
        type="button"
      >
        Open Drawer
      </button>
       
      <!---->
    </div>
  </div>
  <span
    id="modal-portal-1"
  >
    <div
      class="css-0 css-79elbk"
      data-chakra-component="CPseudoBox"
    >
      <div
        style="position: fixed; top: 0px; right: 0px; bottom: 0px; left: 0px;"
      >
        <div
          class="css-l5w8ps"
          data-chakra-component="CDrawerOverlay"
        />
        <div
          class="css-13c8a1c"
          data-chakra-component="CModalContent"
          data-testid="overlay"
        >
          <section
            aria-describedby="drawer-1-body"
            aria-labelledby="drawer-1-header"
            aria-modal="true"
            class="css-iv9bja"
            data-chakra-component="CDrawerContent"
            id="drawer-1"
            role="dialog"
            tabindex="-1"
          >
            <button
              aria-label="Close"
              class="css-0 css-1xo4iay"
              data-chakra-component="CDrawerCloseButton"
              data-testid="close-btn"
              x-close-button=""
            >
              <svg
                aria-hidden="true"
                class="css-xmst1h css-y3asau"
                data-chakra-component="CIcon"
                role="presentation"
                viewBox="0 0 24 24"
              >
                
      
                <path
                  d="M.439,21.44a1.5,1.5,0,0,0,2.122,2.121L11.823,14.3a.25.25,0,0,1,.354,0l9.262,9.263a1.5,1.5,0,1,0,2.122-2.121L14.3,12.177a.25.25,0,0,1,0-.354l9.263-9.262A1.5,1.5,0,0,0,21.439.44L12.177,9.7a.25.25,0,0,1-.354,0L2.561.44A1.5,1.5,0,0,0,.439,2.561L9.7,11.823a.25.25,0,0,1,0,.354Z"
                  fill="currentColor"
                />
              </svg>
            </button>
             
            <header
              class="css-kniazf"
              data-chakra-component="CModalHeader"
              id="drawer-1-header"
            >
              Create your account
            </header>
             
            <div
              class="css-5m10fw"
              data-chakra-component="CModalBody"
              id="drawer-1-body"
            >
              <input
                class="css-0 css-1l17jza"
                data-chakra-component="CInput"
                data-testid="inputInsideDrawer"
                placeholder="Type here..."
              />
            </div>
             
            <footer
              class="css-plnu2w"
              data-chakra-component="CModalFooter"
            >
              <button
                class="css-0 css-1tex3qd"
                data-chakra-component="CButton"
                tabindex="0"
                type="button"
              >
                Cancel
              </button>
               
              <button
                class="css-0 css-2jmp8f"
                data-chakra-component="CButton"
                tabindex="0"
                type="button"
              >
                Save
              </button>
            </footer>
          </section>
        </div>
      </div>
    </div>
  </span>
</DocumentFragment>
`;
